-- Automatically generated by SQLQueryTestSuite
-- Number of queries: 15


-- !query 0
create temporary view t1 as select * from values
  ("one", 1),
  ("two", 2),
  ("three", 3),
  ("one", NULL)
  as t1(k, v)
-- !query 0 schema
struct<>
-- !query 0 output



-- !query 1
create temporary view t2 as select * from values
  ("one", 1),
  ("two", 22),
  ("one", 5),
  ("one", NULL),
  (NULL, 5)
  as t2(k, v)
-- !query 1 schema
struct<>
-- !query 1 output



-- !query 2
SELECT * FROM t1 EXCEPT SELECT * FROM t2
-- !query 2 schema
struct<k:string,v:int>
-- !query 2 output
three	3
two	2


-- !query 3
SELECT * FROM t1 EXCEPT SELECT * FROM t1 where v <> 1 and v <> 2
-- !query 3 schema
struct<k:string,v:int>
-- !query 3 output
one	1
one	NULL
two	2


-- !query 4
SELECT * FROM t1 where v <> 1 and v <> 22 EXCEPT SELECT * FROM t1 where v <> 2 and v >= 3
-- !query 4 schema
struct<k:string,v:int>
-- !query 4 output
two	2


-- !query 5
SELECT t1.* FROM t1, t2 where t1.k = t2.k
EXCEPT
SELECT t1.* FROM t1, t2 where t1.k = t2.k and t1.k != 'one'
-- !query 5 schema
struct<k:string,v:int>
-- !query 5 output
one	1
one	NULL


-- !query 6
SELECT * FROM t2 where v >= 1 and v <> 22 EXCEPT SELECT * FROM t1
-- !query 6 schema
struct<k:string,v:int>
-- !query 6 output
NULL	5
one	5


-- !query 7
SELECT (SELECT min(k) FROM t2 WHERE t2.k = t1.k) min_t2 FROM t1
MINUS
SELECT (SELECT min(k) FROM t2) abs_min_t2 FROM t1 WHERE  t1.k = 'one'
-- !query 7 schema
struct<min_t2:string>
-- !query 7 output
NULL
two


-- !query 8
SELECT t1.k
FROM   t1
WHERE  t1.v <= (SELECT   max(t2.v)
                FROM     t2
                WHERE    t2.k = t1.k)
MINUS
SELECT t1.k
FROM   t1
WHERE  t1.v >= (SELECT   min(t2.v)
                FROM     t2
                WHERE    t2.k = t1.k)
-- !query 8 schema
struct<k:string>
-- !query 8 output
two


-- !query 9
CREATE OR REPLACE TEMPORARY VIEW t3 AS VALUES (decimal(1)) tbl(v)
-- !query 9 schema
struct<>
-- !query 9 output



-- !query 10
SELECT t.v FROM (
  SELECT v FROM t3
  EXCEPT
  SELECT v + v AS v FROM t3
) t
-- !query 10 schema
struct<v:decimal(11,0)>
-- !query 10 output
1


-- !query 11
SELECT SUM(t.v) FROM (
  SELECT v FROM t3
  EXCEPT
  SELECT v + v AS v FROM t3
) t
-- !query 11 schema
struct<sum(v):decimal(21,0)>
-- !query 11 output
1


-- !query 12
DROP VIEW IF EXISTS t1
-- !query 12 schema
struct<>
-- !query 12 output



-- !query 13
DROP VIEW IF EXISTS t2
-- !query 13 schema
struct<>
-- !query 13 output



-- !query 14
DROP VIEW IF EXISTS t3
-- !query 14 schema
struct<>
-- !query 14 output

